WARNING: NonRotationTransformationWarning: transforming other coordinates from <GCRS Frame (obstime=['2026-05-26 23:00:00.000' '2026-05-26 23:03:37.085'
 '2026-05-26 23:07:14.171' '2026-05-26 23:10:51.256'
 '2026-05-26 23:14:28.342' '2026-05-26 23:18:05.427'
 '2026-05-26 23:21:42.513' '2026-05-26 23:25:19.598'
 '2026-05-26 23:28:56.683' '2026-05-26 23:32:33.769'
 '2026-05-26 23:36:10.854' '2026-05-26 23:39:47.940'
 '2026-05-26 23:43:25.025' '2026-05-26 23:47:02.111'
 '2026-05-26 23:50:39.196' '2026-05-26 23:54:16.281'
 '2026-05-26 23:57:53.367' '2026-05-27 00:01:30.452'
 '2026-05-27 00:05:07.538' '2026-05-27 00:08:44.623'
 '2026-05-27 00:12:21.709' '2026-05-27 00:15:58.794'
 '2026-05-27 00:19:35.879' '2026-05-27 00:23:12.965'
 '2026-05-27 00:26:50.050' '2026-05-27 00:30:27.136'
 '2026-05-27 00:34:04.221' '2026-05-27 00:37:41.307'
 '2026-05-27 00:41:18.392' '2026-05-27 00:44:55.477'
 '2026-05-27 00:48:32.563' '2026-05-27 00:52:09.648'
 '2026-05-27 00:55:46.734' '2026-05-27 00:59:23.819'
 '2026-05-27 01:03:00.905' '2026-05-27 01:06:37.990'
 '2026-05-27 01:10:15.075' '2026-05-27 01:13:52.161'
 '2026-05-27 01:17:29.246' '2026-05-27 01:21:06.332'
 '2026-05-27 01:24:43.417' '2026-05-27 01:28:20.503'
 '2026-05-27 01:31:57.588' '2026-05-27 01:35:34.673'
 '2026-05-27 01:39:11.759' '2026-05-27 01:42:48.844'
 '2026-05-27 01:46:25.930' '2026-05-27 01:50:03.015'
 '2026-05-27 01:53:40.101' '2026-05-27 01:57:17.186'
 '2026-05-27 02:00:54.271' '2026-05-27 02:04:31.357'
 '2026-05-27 02:08:08.442' '2026-05-27 02:11:45.528'
 '2026-05-27 02:15:22.613' '2026-05-27 02:18:59.698'
 '2026-05-27 02:22:36.784' '2026-05-27 02:26:13.869'
 '2026-05-27 02:29:50.955' '2026-05-27 02:33:28.040'
 '2026-05-27 02:37:05.126' '2026-05-27 02:40:42.211'
 '2026-05-27 02:44:19.296' '2026-05-27 02:47:56.382'
 '2026-05-27 02:51:33.467' '2026-05-27 02:55:10.553'
 '2026-05-27 02:58:47.638' '2026-05-27 03:02:24.724'
 '2026-05-27 03:06:01.809' '2026-05-27 03:09:38.894'
 '2026-05-27 03:13:15.980' '2026-05-27 03:16:53.065'
 '2026-05-27 03:20:30.151' '2026-05-27 03:24:07.236'
 '2026-05-27 03:27:44.322' '2026-05-27 03:31:21.407'
 '2026-05-27 03:34:58.492' '2026-05-27 03:38:35.578'
 '2026-05-27 03:42:12.663' '2026-05-27 03:45:49.749'
 '2026-05-27 03:49:26.834' '2026-05-27 03:53:03.920'
 '2026-05-27 03:56:41.005' '2026-05-27 04:00:18.090'
 '2026-05-27 04:03:55.176' '2026-05-27 04:07:32.261'
 '2026-05-27 04:11:09.347' '2026-05-27 04:14:46.432'
 '2026-05-27 04:18:23.518' '2026-05-27 04:22:00.603'
 '2026-05-27 04:25:37.688' '2026-05-27 04:29:14.774'
 '2026-05-27 04:32:51.859' '2026-05-27 04:36:28.945'
 '2026-05-27 04:40:06.030' '2026-05-27 04:43:43.116'
 '2026-05-27 04:47:20.201' '2026-05-27 04:50:57.286'
 '2026-05-27 04:54:34.372' '2026-05-27 04:58:11.457'
 '2026-05-27 05:01:48.543' '2026-05-27 05:05:25.628'
 '2026-05-27 05:09:02.714' '2026-05-27 05:12:39.799'
 '2026-05-27 05:16:16.884' '2026-05-27 05:19:53.970'
 '2026-05-27 05:23:31.055' '2026-05-27 05:27:08.141'
 '2026-05-27 05:30:45.226' '2026-05-27 05:34:22.312'
 '2026-05-27 05:37:59.397' '2026-05-27 05:41:36.482'
 '2026-05-27 05:45:13.568' '2026-05-27 05:48:50.653'
 '2026-05-27 05:52:27.739' '2026-05-27 05:56:04.824'
 '2026-05-27 05:59:41.910' '2026-05-27 06:03:18.995'
 '2026-05-27 06:06:56.080' '2026-05-27 06:10:33.166'
 '2026-05-27 06:14:10.251' '2026-05-27 06:17:47.337'
 '2026-05-27 06:21:24.422' '2026-05-27 06:25:01.508'
 '2026-05-27 06:28:38.593' '2026-05-27 06:32:15.678'
 '2026-05-27 06:35:52.764' '2026-05-27 06:39:29.849'
 '2026-05-27 06:43:06.935' '2026-05-27 06:46:44.020'
 '2026-05-27 06:50:21.106' '2026-05-27 06:53:58.191'
 '2026-05-27 06:57:35.276' '2026-05-27 07:01:12.362'
 '2026-05-27 07:04:49.447' '2026-05-27 07:08:26.533'
 '2026-05-27 07:12:03.618' '2026-05-27 07:15:40.704'
 '2026-05-27 07:19:17.789' '2026-05-27 07:22:54.874'
 '2026-05-27 07:26:31.960' '2026-05-27 07:30:09.045'
 '2026-05-27 07:33:46.131' '2026-05-27 07:37:23.216'
 '2026-05-27 07:41:00.302' '2026-05-27 07:44:37.387'
 '2026-05-27 07:48:14.472' '2026-05-27 07:51:51.558'
 '2026-05-27 07:55:28.643' '2026-05-27 07:59:05.729'
 '2026-05-27 08:02:42.814' '2026-05-27 08:06:19.899'
 '2026-05-27 08:09:56.985' '2026-05-27 08:13:34.070'
 '2026-05-27 08:17:11.156' '2026-05-27 08:20:48.241'
 '2026-05-27 08:24:25.327' '2026-05-27 08:28:02.412'
 '2026-05-27 08:31:39.497' '2026-05-27 08:35:16.583'
 '2026-05-27 08:38:53.668' '2026-05-27 08:42:30.754'
 '2026-05-27 08:46:07.839' '2026-05-27 08:49:44.925'
 '2026-05-27 08:53:22.010' '2026-05-27 08:56:59.095'
 '2026-05-27 09:00:36.181' '2026-05-27 09:04:13.266'
 '2026-05-27 09:07:50.352' '2026-05-27 09:11:27.437'
 '2026-05-27 09:15:04.523' '2026-05-27 09:18:41.608'
 '2026-05-27 09:22:18.693' '2026-05-27 09:25:55.779'
 '2026-05-27 09:29:32.864' '2026-05-27 09:33:09.950'
 '2026-05-27 09:36:47.035' '2026-05-27 09:40:24.121'
 '2026-05-27 09:44:01.206' '2026-05-27 09:47:38.291'
 '2026-05-27 09:51:15.377' '2026-05-27 09:54:52.462'
 '2026-05-27 09:58:29.548' '2026-05-27 10:02:06.633'
 '2026-05-27 10:05:43.719' '2026-05-27 10:09:20.804'
 '2026-05-27 10:12:57.889' '2026-05-27 10:16:34.975'
 '2026-05-27 10:20:12.060' '2026-05-27 10:23:49.146'
 '2026-05-27 10:27:26.231' '2026-05-27 10:31:03.317'
 '2026-05-27 10:34:40.402' '2026-05-27 10:38:17.487'
 '2026-05-27 10:41:54.573' '2026-05-27 10:45:31.658'
 '2026-05-27 10:49:08.744' '2026-05-27 10:52:45.829'
 '2026-05-27 10:56:22.915' '2026-05-27 11:00:00.000'], obsgeoloc=[(-3202441.45240805,  4232993.7416715 , 3526493.87399085),
 (-3269043.11708054,  4181626.77002251, 3526667.11943811),
 (-3334823.32830869,  4129211.96248732, 3526838.28013793),
 (-3399765.60239683,  4075762.45355829, 3527007.31319773),
 (-3463853.66562688,  4021291.63701014, 3527174.1762581 ),
 (-3527071.45833445,  3965813.1625451 , 3527338.82750338),
 (-3589403.1389345 ,  3909340.93237145, 3527501.22567219),
 (-3650833.08789029,  3851889.09772034, 3527661.33006771),
 (-3711345.91162818,  3793472.05529912, 3527819.10056793),
 (-3770926.4463939 ,  3734104.44368468, 3527974.4976357 ),
 (-3829559.76205355,  3673801.1396542 , 3528127.48232859),
 (-3887231.16583421,  3612577.25445785, 3528278.01630872),
 (-3943926.20600642,  3550448.13003143, 3528426.06185231),
 (-3999630.67550464,  3487429.33515287, 3528571.58185915),
 (-4054330.61548794,  3423536.66154034, 3528714.53986191),
 (-4108012.31883834,  3358786.1198945 , 3528854.90003528),
 (-4160662.33359468,  3293193.93588752, 3528992.62720491),
 (-4212267.46636044,  3226776.54604826, 3529127.68685701),
 (-4262814.78554875,  3159550.59371913, 3529260.0451458 ),
 (-4312291.62458439,  3091532.92494517, 3529389.66890109),
 (-4360685.58519281,  3022740.58409905, 3529516.52563899),
 (-4407984.54045481,  2953190.809677  , 3529640.58356898),
 (-4454176.63784591,  2882901.02997847, 3529761.81160191),
 (-4499250.30220636,  2811888.85873883, 3529880.17935778),
 (-4543194.23864146,  2740172.09071604, 3529995.6571733 ),
 (-4585997.43535229,  2667768.69723096, 3530108.21610944),
 (-4627649.16639519,  2594696.82166373, 3530217.82795856),
 (-4668138.99436878,  2520974.77490878, 3530324.46525156),
 (-4707456.77303076,  2446621.03078381, 3530428.10126473),
 (-4745592.64983895,  2371654.22140327, 3530528.71002645),
 (-4782537.0684213 ,  2296093.13250742, 3530626.26632371),
 (-4818280.77097016,  2219956.69875562, 3530720.74570841),
 (-4852814.80056223,  2143263.9989814 , 3530812.1245035 ),
 (-4886130.50340304,  2066034.25141162, 3530900.37980892),
 (-4918219.53099561,  1988286.8088504 , 3530985.48950733),
 (-4949073.84223209,  1910041.15383028, 3531067.43226964),
 (-4978685.7054094 ,  1831316.89372877, 3531146.18756037),
 (-5007047.70016619,  1752133.75585618, 3531221.73564282),
 (-5034152.71934225,  1672511.5825123 , 3531294.05758395),
 (-5059993.97075999,  1592470.3260128 , 3531363.1352592 ),
 (-5084564.97892599,  1512030.04369079, 3531428.95135698),
 (-5107859.58665374,  1431210.8928705 , 3531491.48938303),
 (-5129871.9566068 ,  1350033.12581542, 3531550.73366455),
 (-5150596.57276135,  1268517.08465393, 3531606.66935413),
 (-5170028.24178852,  1186683.19628161, 3531659.28243346),
 (-5188162.09435576,  1104551.96724245, 3531708.55971687),
 (-5204993.58634693,  1022143.97859071, 3531754.48885459),
 (-5220518.50000118,   939479.88073282, 3531797.0583359 ),
 (-5234732.94496982,   856580.38825269, 3531836.25749197),
 (-5247633.3592911 ,   773466.27472144, 3531872.07649855),
 (-5259216.51028276,   690158.36749214, 3531904.50637843),
 (-5269479.49535239,   606677.54247863, 3531933.53900371),
 (-5278419.74272438,   523044.71892726, 3531959.16709781),
 (-5286035.01208469,   439280.85417258, 3531981.38423728),
 (-5292323.39514208,   355406.93838654, 3532000.18485348),
 (-5297283.31610638,   271443.98931851, 3532015.56423388),
 (-5300913.53208331,   187413.04702834, 3532027.51852333),
 (-5303213.13338598,   103335.16861456, 3532036.04472496),
 (-5304181.54376281,    19231.42293703, 3532041.14070097),
 (-5303818.52054197,   -64877.11466271, 3532042.80517317),
 (-5302124.15469213,  -148969.36764202, 3532041.03772324),
 (-5299098.87079974,  -233024.2635385 , 3532035.83879293),
 (-5294743.42696257,  -317020.73925206, 3532027.20968387),
 (-5289058.91459978,  -400937.74632089, 3532015.15255727),
 (-5282046.7581784 ,  -484754.25619765, 3531999.67043341),
 (-5273708.7148564 ,  -568449.26551816, 3531980.76719083),
 (-5264046.87404235,  -652001.80136476, 3531958.4475654 ),
 (-5253063.65687182,  -735390.92652188, 3531932.7171491 ),
 (-5240761.81560071,  -818595.74472273, 3531903.58238866),
 (-5227144.43291561,  -901595.4058851 , 3531871.05058391),
 (-5212214.92116124,  -984369.11133686, 3531835.12988595),
 (-5195977.0214853 , -1066896.11902781, 3531795.82929514),
 (-5178434.80290121, -1149155.74872657, 3531753.15865883),
 (-5159592.66126816, -1231127.38720401, 3531707.12866886),
 (-5139455.31818991, -1312790.49339715, 3531657.75085893),
 (-5118027.81983133, -1394124.60355786, 3531605.03760169),
 (-5095315.53565402, -1475109.33638019, 3531549.00210562),
 (-5071324.15707077, -1555724.39810773, 3531489.65841177),
 (-5046059.69601935, -1635949.58761901, 3531427.02139018),
 (-5019528.48345604, -1715764.80148965, 3531361.10673621),
 (-4991737.16776905, -1795150.03903015, 3531291.93096656),
 (-4962692.71311284, -1874085.40729712, 3531219.51141517),
 (-4932402.39766244, -1952551.12607959, 3531143.86622884),
 (-4900873.81179009, -2030527.53285446, 3531065.01436273),
 (-4868114.85616317, -2107995.08771376, 3530982.97557557),
 (-4834133.7397641 , -2184934.37826187, 3530897.77042471),
 (-4798938.97783349, -2261326.12447941, 3530809.42026101),
 (-4762539.38973628, -2337151.18355473, 3530717.94722342),
 (-4724944.09675172, -2412390.55468089, 3530623.3742335 ),
 (-4686162.51978761, -2487025.38381709, 3530525.72498966),
 (-4646204.3770199 , -2561036.96841267, 3530425.02396117),
 (-4605079.68145673, -2634406.76209498, 3530321.29638212),
 (-4562798.73842992, -2707116.37931573, 3530214.56824501),
 (-4519372.14301264, -2779147.59995819, 3530104.86629427),
 (-4474810.77736374, -2850482.37390391, 3529992.21801959),
 (-4429125.80800127, -2921102.82555525, 3529876.65164899),
 (-4382328.68300463, -2990991.25831414, 3529758.19614174),
 (-4334431.12914523, -3060130.1590176 , 3529636.88118115),
 (-4285445.14894787, -3128502.20232637, 3529512.73716709),
 (-4235383.01768383, -3196090.25506526, 3529385.79520839),
 (-4184257.280294  , -3262877.38051779, 3529256.08711503),
 (-4132080.74824567, -3328846.84266965, 3529123.64539021),
 (-4078866.49632211, -3393982.11040269, 3528988.50322213),
 (-4024627.85934611, -3458266.86163742, 3528850.69447577),
 (-3969378.42883853, -3521684.98742308, 3528710.2536843 ),
 (-3913132.04961237, -3584220.59597439, 3528567.21604052),
 (-3855902.81630347, -3645858.01665377, 3528421.61738799),
 (-3797705.06983845, -3706581.80389839, 3528273.49421203),
 (-3738553.39384146, -3766376.74109013, 3528122.88363065),
 (-3678462.61097924, -3825227.84436925, 3527969.82338518),
 (-3617447.77924656, -3883120.36638926, 3527814.35183082),
 (-3555524.18819377, -3940039.80001156, 3527656.50792709),
 (-3492707.35509493, -3995971.8819413 , 3527496.33122797),
 (-3429013.02105873, -4050902.59630205, 3527333.86187209),
 (-3364457.14708507, -4104818.17814712, 3527169.14057259),
 (-3299055.9100648 , -4157705.11690941, 3527002.20860695),
 (-3232825.69872614, -4209550.1597868 , 3526833.10780667),
 (-3165783.10952796, -4260340.31506316, 3526661.88054674),
 (-3097944.94250038, -4310062.85536426, 3526488.56973506),
 (-3029328.19703602, -4358705.32084627, 3526313.21880166),
 (-2959950.06762913, -4406255.5223188 , 3526135.87168785),
 (-2889827.93956697, -4452701.54429927, 3525956.57283516),
 (-2818979.38457374, -4498031.74799845, 3525775.36717425),
 (-2747422.15640739, -4542234.77423697, 3525592.30011364),
 (-2675174.18641007, -4585299.54629226, 3525407.41752831),
 (-2602253.57901529, -4627215.27267384, 3525220.76574822),
 (-2528678.60721104, -4667971.44982767, 3525032.3915467 ),
 (-2454467.70796081, -4707557.86476815, 3524842.34212873),
 (-2379639.4775834 , -4745964.59763751, 3524650.6651191 ),
 (-2304212.66709355, -4783182.02419118, 3524457.4085505 ),
 (-2228206.17750175, -4819200.8182103 , 3524262.62085144),
 (-2151639.0550797 , -4854011.95383783, 3524066.35083417),
 (-2074530.48658626, -4887606.70784093, 3523868.6476824 ),
 (-1996899.79445947, -4919976.66179689, 3523669.560939  ),
 (-1918766.43197581, -4951113.70420218, 3523469.14049359),
 (-1840149.97837409, -4981010.03250562, 3523267.43657002),
 (-1761070.13394981, -5009658.15506338, 3523064.49971378),
 (-1681546.71511841, -5037050.89301628, 3522860.38077935),
 (-1601599.6494495 , -5063181.38208878, 3522655.13091748),
 (-1521248.97067326, -5088043.07430905, 3522448.8015623 ),
 (-1440514.81366039, -5111629.73964978, 3522241.44441851),
 (-1359417.40937586, -5133935.46758952, 3522033.11144837),
 (-1277977.07981067, -5154954.66859344, 3521823.8548587 ),
 (-1196214.23288821, -5174682.0755143 , 3521613.72708779),
 (-1114149.35735019, -5193112.74491235, 3521402.78079228),
 (-1031803.01762378, -5210242.05829375, 3521191.06883393),
 ( -949195.84866696, -5226065.7232683 , 3520978.64426639),
 ( -866348.5507984 , -5240579.77462484, 3520765.56032193),
 ( -783281.88451004, -5253780.57532494, 3520551.87039805),
 ( -700016.6652648 , -5265664.81741428, 3520337.62804415),
 ( -616573.75828031, -5276229.52285162, 3520122.88694805),
 ( -532974.07330099, -5285472.04425499, 3519907.70092262),
 ( -449238.55935754, -5293390.06556517, 3519692.12389221),
 ( -365388.19951725, -5299981.60262604, 3519476.20987919),
 ( -281444.00562725, -5305245.00368172, 3519260.01299039),
 ( -197427.0130477 , -5309178.94979058, 3519043.58740357),
 ( -113358.27538134, -5311782.45515568, 3518826.98735378),
 (  -29258.85919759, -5313054.86737184, 3518610.26711986),
 (   54850.16124648, -5312995.8675891 , 3518393.48101074),
 (  138947.7092871 , -5311605.47059259, 3518176.68335193),
 (  223012.71113533, -5308884.02479893, 3517959.9284718 ),
 (  307024.10115791, -5304832.21216878, 3517743.27068806),
 (  390960.82715587, -5299451.04803609, 3517526.76429409),
 (  474801.85564057, -5292741.88085353, 3517310.46354538),
 (  558526.1771035 , -5284706.3918547 , 3517094.42264587),
 (  642112.81128162, -5275346.59463279, 3516878.69573443),
 (  725540.81241474, -5264664.83463597, 3516663.33687125),
 (  808789.27449369, -5252663.78857973, 3516448.40002434),
 (  891837.33649995, -5239346.46377602, 3516233.93905594),
 (  974664.18763262, -5224716.19737976, 3516020.00770907),
 ( 1057249.07252346, -5208776.6555525 , 3515806.65959407),
 ( 1139571.29643776, -5191531.83254385, 3515593.94817513),
 ( 1221610.23046097, -5172986.04969031, 3515381.92675689),
 ( 1303345.31666669, -5153143.95433278, 3515170.64847113),
 ( 1384756.07326896, -5132010.51865179, 3514960.16626342),
 ( 1465822.09975547, -5109591.03842135, 3514750.53287984),
 ( 1546523.08199838, -5085891.13168223, 3514541.80085381),
 ( 1626838.79734564, -5060916.73733393, 3514334.02249285),
 ( 1706749.1196878 , -5034674.11364665, 3514127.24986557),
 ( 1786234.02450225, -5007169.83669282, 3513921.53478852),
 ( 1865273.59387052, -4978410.79869939, 3513716.9288133 ),
 ( 1943848.02146962, -4948404.20632063, 3513513.48321355),
 ( 2021937.61753523, -4917157.57883231, 3513311.24897218),
 ( 2099522.81379574, -4884678.74624739, 3513110.27676853),
 ( 2176584.16837578, -4850975.84735399, 3512910.61696574),
 ( 2253102.370668  , -4816057.3276759 , 3512712.31959805),
 ( 2329058.24617261, -4779931.93735605, 3512515.43435833),
 ( 2404432.76130142, -4742608.72896417, 3512320.01058556),
 ( 2479207.028148  , -4704097.05522809, 3512126.09725255),
 ( 2553362.30922072, -4664406.56669007, 3511933.74295359),
 ( 2626880.02213764, -4623547.20928877, 3511742.9958923 ),
 ( 2699741.74428363, -4581529.22186655, 3511553.90386959),
 ( 2771929.21742702, -4538363.13360368, 3511366.51427159),
 ( 2843424.35229368, -4494059.76138056, 3511180.87405788),
 ( 2914209.23310127, -4448630.20706632, 3510997.02974964),
 ( 2984266.12204809, -4402085.85473729, 3510815.02741805),
 ( 3053577.46375816, -4354438.36782408, 3510634.91267268),
 ( 3122125.88967979, -4305699.68618932, 3510456.73065014),
 ( 3189894.22243914, -4255882.02313481, 3510280.5260027 ),
 ( 3256865.48014355, -4204997.86234182, 3510106.34288714)] m, obsgeovel=[(-308.66580046, -234.18771194,  8.02770335e-01),
 (-304.92007394, -239.04439854,  7.93266587e-01),
 (-301.09793828, -243.84118362,  7.83564047e-01),
 (-297.20035126, -248.57686517,  7.73665147e-01),
 (-293.22828956, -253.25025647,  7.63572368e-01),
 (-289.18274854, -257.86018644,  7.53288239e-01),
 (-285.06474195, -262.40549988,  7.42815337e-01),
 (-280.87530172, -266.8850578 ,  7.32156286e-01),
 (-276.61547766, -271.29773768,  7.21313758e-01),
 (-272.28633724, -275.64243376,  7.10290468e-01),
 (-267.88896529, -279.9180573 ,  6.99089181e-01),
 (-263.42446372, -284.12353689,  6.87712702e-01),
 (-258.89395129, -288.2578187 ,  6.76163883e-01),
 (-254.29856329, -292.31986671,  6.64445617e-01),
 (-249.63945127, -296.30866304,  6.52560841e-01),
 (-244.91778273, -300.22320813,  6.40512533e-01),
 (-240.13474087, -304.06252107,  6.28303712e-01),
 (-235.29152426, -307.82563975,  6.15937438e-01),
 (-230.38934655, -311.51162121,  6.03416810e-01),
 (-225.42943615, -315.11954176,  5.90744964e-01),
 (-220.41303598, -318.64849731,  5.77925078e-01),
 (-215.34140306, -322.09760355,  5.64960362e-01),
 (-210.21580829, -325.46599618,  5.51854066e-01),
 (-205.03753608, -328.75283111,  5.38609475e-01),
 (-199.80788404, -331.95728472,  5.25229907e-01),
 (-194.52816265, -335.078554  ,  5.11718714e-01),
 (-189.19969495, -338.1158568 ,  4.98079284e-01),
 (-183.82381618, -341.06843201,  4.84315033e-01),
 (-178.40187347, -343.93553976,  4.70429412e-01),
 (-172.93522549, -346.71646158,  4.56425898e-01),
 (-167.42524212, -349.41050061,  4.42308003e-01),
 (-161.87330408, -352.01698176,  4.28079263e-01),
 (-156.28080263, -354.53525187,  4.13743244e-01),
 (-150.64913917, -356.96467991,  3.99303539e-01),
 (-144.97972493, -359.30465707,  3.84763766e-01),
 (-139.27398059, -361.55459701,  3.70127569e-01),
 (-133.53333594, -363.7139359 ,  3.55398615e-01),
 (-127.75922951, -365.78213264,  3.40580595e-01),
 (-121.95310822, -367.75866898,  3.25677223e-01),
 (-116.11642702, -369.64304962,  3.10692233e-01),
 (-110.2506485 , -371.43480235,  2.95629381e-01),
 (-104.35724255, -373.13347818,  2.80492441e-01),
 ( -98.43768599, -374.73865145,  2.65285206e-01),
 ( -92.49346217, -376.24991992,  2.50011487e-01),
 ( -86.52606066, -377.66690488,  2.34675111e-01),
 ( -80.53697681, -378.98925126,  2.19279923e-01),
 ( -74.5277114 , -380.2166277 ,  2.03829779e-01),
 ( -68.49977028, -381.34872662,  1.88328552e-01),
 ( -62.45466398, -382.38526435,  1.72780125e-01),
 ( -56.39390732, -383.32598112,  1.57188396e-01),
 ( -50.31901906, -384.17064122,  1.41557271e-01),
 ( -44.23152149, -384.91903299,  1.25890668e-01),
 ( -38.13294005, -385.57096887,  1.10192512e-01),
 ( -32.02480297, -386.12628552,  9.44667371e-02),
 ( -25.90864088, -386.58484377,  7.87172846e-02),
 ( -19.78598642, -386.94652871,  6.29481009e-02),
 ( -13.65837383, -387.21124971,  4.71631377e-02),
 (  -7.52733862, -387.37894044,  3.13663506e-02),
 (  -1.39441716, -387.44955886,  1.55616981e-02),
 (   4.73885372, -387.4230873 , -2.46859124e-04),
 (  10.87093711, -387.29953237, -1.60553596e-02),
 (  17.00029638, -387.07892505, -3.18598418e-02),
 (  23.12539558, -386.76132061, -4.76563451e-02),
 (  29.24469986, -386.34679864, -6.34409111e-02),
 (  35.35667578, -385.83546301, -7.92095843e-02),
 (  41.45979176, -385.22744186, -9.49584131e-02),
 (  47.55251843, -384.52288755, -1.10683451e-01),
 (  53.63332904, -383.72197664, -1.26380757e-01),
 (  59.70069982, -382.82490982, -1.42046398e-01),
 (  65.75311035, -381.83191189, -1.57676448e-01),
 (  71.78904397, -380.74323167, -1.73266990e-01),
 (  77.80698816, -379.55914198, -1.88814117e-01),
 (  83.8054349 , -378.27993954, -2.04313934e-01),
 (  89.78288105, -376.90594489, -2.19762555e-01),
 (  95.73782874, -375.43750235, -2.35156110e-01),
 ( 101.66878573, -373.87497989, -2.50490742e-01),
 ( 107.57426579, -372.21876905, -2.65762606e-01),
 ( 113.4527891 , -370.46928486, -2.80967877e-01),
 ( 119.30288257, -368.62696573, -2.96102744e-01),
 ( 125.12308023, -366.6922733 , -3.11163414e-01),
 ( 130.91192361, -364.6656924 , -3.26146112e-01),
 ( 136.66796212, -362.54773085, -3.41047085e-01),
 ( 142.38975335, -360.3389194 , -3.55862599e-01),
 ( 148.07586349, -358.03981154, -3.70588940e-01),
 ( 153.72486769, -355.6509834 , -3.85222418e-01),
 ( 159.33535036, -353.17303359, -3.99759366e-01),
 ( 164.90590559, -350.60658305, -4.14196141e-01),
 ( 170.43513748, -347.95227491, -4.28529125e-01),
 ( 175.92166046, -345.21077429, -4.42754727e-01),
 ( 181.36409968, -342.38276819, -4.56869382e-01),
 ( 186.76109134, -339.46896527, -4.70869552e-01),
 ( 192.11128301, -336.47009569, -4.84751729e-01),
 ( 197.41333401, -333.38691093, -4.98512434e-01),
 ( 202.66591571, -330.2201836 , -5.12148219e-01),
 ( 207.86771187, -326.97070724, -5.25655667e-01),
 ( 213.017419  , -323.63929612, -5.39031393e-01),
 ( 218.11374663, -320.22678506, -5.52272044e-01),
 ( 223.1554177 , -316.73402919, -5.65374304e-01),
 ( 228.14116883, -313.16190375, -5.78334888e-01),
 ( 233.06975064, -309.51130388, -5.91150548e-01),
 ( 237.9399281 , -305.78314435, -6.03818073e-01),
 ( 242.75048081, -301.97835941, -6.16334289e-01),
 ( 247.50020329, -298.09790249, -6.28696058e-01),
 ( 252.18790533, -294.14274597, -6.40900284e-01),
 ( 256.81241225, -290.11388098, -6.52943907e-01),
 ( 261.3725652 , -286.01231709, -6.64823909e-01),
 ( 265.86722147, -281.83908211, -6.76537314e-01),
 ( 270.29525475, -277.59522179, -6.88081186e-01),
 ( 274.65555544, -273.2817996 , -6.99452633e-01),
 ( 278.9470309 , -268.89989642, -7.10648803e-01),
 ( 283.16860573, -264.4506103 , -7.21666893e-01),
 ( 287.31922207, -259.93505618, -7.32504139e-01),
 ( 291.39783981, -255.3543656 , -7.43157828e-01),
 ( 295.40343692, -250.70968643, -7.53625288e-01),
 ( 299.33500964, -246.00218255, -7.63903898e-01),
 ( 303.19157276, -241.23303362, -7.73991080e-01),
 ( 306.97215989, -236.40343472, -7.83884307e-01),
 ( 310.67582364, -231.51459609, -7.93581100e-01),
 ( 314.30163594, -226.56774281, -8.03079029e-01),
 ( 317.84868819, -221.56411449, -8.12375713e-01),
 ( 321.31609156, -216.504965  , -8.21468823e-01),
 ( 324.70297715, -211.39156207, -8.30356080e-01),
 ( 328.00849625, -206.22518708, -8.39035257e-01),
 ( 331.23182054, -201.00713464, -8.47504178e-01),
 ( 334.37214229, -195.73871235, -8.55760722e-01),
 ( 337.42867459, -190.42124038, -8.63802820e-01),
 ( 340.4006515 , -185.05605125, -8.71628455e-01),
 ( 343.28732828, -179.6444894 , -8.79235667e-01),
 ( 346.08798156, -174.18791089, -8.86622550e-01),
 ( 348.80190955, -168.68768308, -8.93787252e-01),
 ( 351.42843216, -163.14518425, -9.00727977e-01),
 ( 353.96689122, -157.56180329, -9.07442987e-01),
 ( 356.41665061, -151.93893932, -9.13930598e-01),
 ( 358.77709648, -146.27800136, -9.20189185e-01),
 ( 361.04763731, -140.58040797, -9.26217179e-01),
 ( 363.22770413, -134.8475869 , -9.32013069e-01),
 ( 365.31675066, -129.08097471, -9.37575404e-01),
 ( 367.31425339, -123.28201646, -9.42902789e-01),
 ( 369.21971179, -117.45216527, -9.47993888e-01),
 ( 371.03264836, -111.59288206, -9.52847426e-01),
 ( 372.75260881, -105.70563506, -9.57462188e-01),
 ( 374.37916214,  -99.79189956, -9.61837015e-01),
 ( 375.91190076,  -93.85315747, -9.65970812e-01),
 ( 377.35044057,  -87.89089695, -9.69862543e-01),
 ( 378.6944211 ,  -81.90661208, -9.73511232e-01),
 ( 379.94350557,  -75.90180243, -9.76915965e-01),
 ( 381.09738096,  -69.87797275, -9.80075889e-01),
 ( 382.15575814,  -63.83663253, -9.82990212e-01),
 ( 383.11837189,  -57.77929565, -9.85658203e-01),
 ( 383.98498098,  -51.70748001, -9.88079193e-01),
 ( 384.75536826,  -45.62270711, -9.90252577e-01),
 ( 385.42934067,  -39.52650174, -9.92177809e-01),
 ( 386.00672934,  -33.42039153, -9.93854406e-01),
 ( 386.48738956,  -27.30590659, -9.95281949e-01),
 ( 386.8712009 ,  -21.18457912, -9.96460079e-01),
 ( 387.15806717,  -15.05794307, -9.97388501e-01),
 ( 387.3479165 ,   -8.92753369, -9.98066983e-01),
 ( 387.4407013 ,   -2.79488718, -9.98495354e-01),
 ( 387.43639833,    3.33845969, -9.98673507e-01),
 ( 387.33500867,    9.47096999, -9.98601398e-01),
 ( 387.13655771,   15.60110699, -9.98279043e-01),
 ( 386.8410952 ,   21.72733454, -9.97706524e-01),
 ( 386.44869516,   27.84811749, -9.96883985e-01),
 ( 385.95945594,   33.96192205, -9.95811631e-01),
 ( 385.37350013,   40.06721619, -9.94489730e-01),
 ( 384.69097455,   46.16246998, -9.92918615e-01),
 ( 383.91205025,   52.24615604, -9.91098678e-01),
 ( 383.03692241,   58.31674987, -9.89030376e-01),
 ( 382.06581033,   64.37273025, -9.86714227e-01),
 ( 380.99895735,   70.41257963, -9.84150811e-01),
 ( 379.83663082,   76.43478451, -9.81340771e-01),
 ( 378.57912201,   82.43783579, -9.78284810e-01),
 ( 377.22674601,   88.42022918, -9.74983694e-01),
 ( 375.77984174,   94.38046558, -9.71438251e-01),
 ( 374.23877175,  100.31705141, -9.67649369e-01),
 ( 372.60392223,  106.22849906, -9.63617997e-01),
 ( 370.87570285,  112.11332717, -9.59345145e-01),
 ( 369.05454667,  117.97006109, -9.54831884e-01),
 ( 367.14091006,  123.7972332 , -9.50079345e-01),
 ( 365.13527255,  129.59338327, -9.45088719e-01),
 ( 363.03813672,  135.35705888, -9.39861256e-01),
 ( 360.8500281 ,  141.0868157 , -9.34398267e-01),
 ( 358.57149499,  146.78121794, -9.28701119e-01),
 ( 356.20310837,  152.43883864, -9.22771242e-01),
 ( 353.74546172,  158.05826009, -9.16610120e-01),
 ( 351.1991709 ,  163.63807413, -9.10219297e-01),
 ( 348.56487398,  169.17688252, -9.03600375e-01),
 ( 345.84323108,  174.6732973 , -8.96755013e-01),
 ( 343.03492422,  180.12594116, -8.89684926e-01),
 ( 340.1406571 ,  185.53344771, -8.82391885e-01),
 ( 337.16115501,  190.89446191, -8.74877718e-01),
 ( 334.09716457,  196.20764036, -8.67144308e-01),
 ( 330.94945358,  201.47165164, -8.59193593e-01),
 ( 327.71881081,  206.68517665, -8.51027565e-01),
 ( 324.40604582,  211.84690895, -8.42648270e-01),
 ( 321.01198875,  216.95555508, -8.34057809e-01),
 ( 317.53749011,  222.00983487, -8.25258333e-01),
 ( 313.98342056,  227.00848178, -8.16252048e-01),
 ( 310.35067071,  231.95024322, -8.07041211e-01),
 ( 306.64015088,  236.83388084, -7.97628130e-01)] m / s)> to <GCRS Frame (obstime=['2026-05-26 23:00:00.000' '2026-05-26 23:03:37.085'
 '2026-05-26 23:07:14.171' '2026-05-26 23:10:51.256'
 '2026-05-26 23:14:28.342' '2026-05-26 23:18:05.427'
 '2026-05-26 23:21:42.513' '2026-05-26 23:25:19.598'
 '2026-05-26 23:28:56.683' '2026-05-26 23:32:33.769'
 '2026-05-26 23:36:10.854' '2026-05-26 23:39:47.940'
 '2026-05-26 23:43:25.025' '2026-05-26 23:47:02.111'
 '2026-05-26 23:50:39.196' '2026-05-26 23:54:16.281'
 '2026-05-26 23:57:53.367' '2026-05-27 00:01:30.452'
 '2026-05-27 00:05:07.538' '2026-05-27 00:08:44.623'
 '2026-05-27 00:12:21.709' '2026-05-27 00:15:58.794'
 '2026-05-27 00:19:35.879' '2026-05-27 00:23:12.965'
 '2026-05-27 00:26:50.050' '2026-05-27 00:30:27.136'
 '2026-05-27 00:34:04.221' '2026-05-27 00:37:41.307'
 '2026-05-27 00:41:18.392' '2026-05-27 00:44:55.477'
 '2026-05-27 00:48:32.563' '2026-05-27 00:52:09.648'
 '2026-05-27 00:55:46.734' '2026-05-27 00:59:23.819'
 '2026-05-27 01:03:00.905' '2026-05-27 01:06:37.990'
 '2026-05-27 01:10:15.075' '2026-05-27 01:13:52.161'
 '2026-05-27 01:17:29.246' '2026-05-27 01:21:06.332'
 '2026-05-27 01:24:43.417' '2026-05-27 01:28:20.503'
 '2026-05-27 01:31:57.588' '2026-05-27 01:35:34.673'
 '2026-05-27 01:39:11.759' '2026-05-27 01:42:48.844'
 '2026-05-27 01:46:25.930' '2026-05-27 01:50:03.015'
 '2026-05-27 01:53:40.101' '2026-05-27 01:57:17.186'
 '2026-05-27 02:00:54.271' '2026-05-27 02:04:31.357'
 '2026-05-27 02:08:08.442' '2026-05-27 02:11:45.528'
 '2026-05-27 02:15:22.613' '2026-05-27 02:18:59.698'
 '2026-05-27 02:22:36.784' '2026-05-27 02:26:13.869'
 '2026-05-27 02:29:50.955' '2026-05-27 02:33:28.040'
 '2026-05-27 02:37:05.126' '2026-05-27 02:40:42.211'
 '2026-05-27 02:44:19.296' '2026-05-27 02:47:56.382'
 '2026-05-27 02:51:33.467' '2026-05-27 02:55:10.553'
 '2026-05-27 02:58:47.638' '2026-05-27 03:02:24.724'
 '2026-05-27 03:06:01.809' '2026-05-27 03:09:38.894'
 '2026-05-27 03:13:15.980' '2026-05-27 03:16:53.065'
 '2026-05-27 03:20:30.151' '2026-05-27 03:24:07.236'
 '2026-05-27 03:27:44.322' '2026-05-27 03:31:21.407'
 '2026-05-27 03:34:58.492' '2026-05-27 03:38:35.578'
 '2026-05-27 03:42:12.663' '2026-05-27 03:45:49.749'
 '2026-05-27 03:49:26.834' '2026-05-27 03:53:03.920'
 '2026-05-27 03:56:41.005' '2026-05-27 04:00:18.090'
 '2026-05-27 04:03:55.176' '2026-05-27 04:07:32.261'
 '2026-05-27 04:11:09.347' '2026-05-27 04:14:46.432'
 '2026-05-27 04:18:23.518' '2026-05-27 04:22:00.603'
 '2026-05-27 04:25:37.688' '2026-05-27 04:29:14.774'
 '2026-05-27 04:32:51.859' '2026-05-27 04:36:28.945'
 '2026-05-27 04:40:06.030' '2026-05-27 04:43:43.116'
 '2026-05-27 04:47:20.201' '2026-05-27 04:50:57.286'
 '2026-05-27 04:54:34.372' '2026-05-27 04:58:11.457'
 '2026-05-27 05:01:48.543' '2026-05-27 05:05:25.628'
 '2026-05-27 05:09:02.714' '2026-05-27 05:12:39.799'
 '2026-05-27 05:16:16.884' '2026-05-27 05:19:53.970'
 '2026-05-27 05:23:31.055' '2026-05-27 05:27:08.141'
 '2026-05-27 05:30:45.226' '2026-05-27 05:34:22.312'
 '2026-05-27 05:37:59.397' '2026-05-27 05:41:36.482'
 '2026-05-27 05:45:13.568' '2026-05-27 05:48:50.653'
 '2026-05-27 05:52:27.739' '2026-05-27 05:56:04.824'
 '2026-05-27 05:59:41.910' '2026-05-27 06:03:18.995'
 '2026-05-27 06:06:56.080' '2026-05-27 06:10:33.166'
 '2026-05-27 06:14:10.251' '2026-05-27 06:17:47.337'
 '2026-05-27 06:21:24.422' '2026-05-27 06:25:01.508'
 '2026-05-27 06:28:38.593' '2026-05-27 06:32:15.678'
 '2026-05-27 06:35:52.764' '2026-05-27 06:39:29.849'
 '2026-05-27 06:43:06.935' '2026-05-27 06:46:44.020'
 '2026-05-27 06:50:21.106' '2026-05-27 06:53:58.191'
 '2026-05-27 06:57:35.276' '2026-05-27 07:01:12.362'
 '2026-05-27 07:04:49.447' '2026-05-27 07:08:26.533'
 '2026-05-27 07:12:03.618' '2026-05-27 07:15:40.704'
 '2026-05-27 07:19:17.789' '2026-05-27 07:22:54.874'
 '2026-05-27 07:26:31.960' '2026-05-27 07:30:09.045'
 '2026-05-27 07:33:46.131' '2026-05-27 07:37:23.216'
 '2026-05-27 07:41:00.302' '2026-05-27 07:44:37.387'
 '2026-05-27 07:48:14.472' '2026-05-27 07:51:51.558'
 '2026-05-27 07:55:28.643' '2026-05-27 07:59:05.729'
 '2026-05-27 08:02:42.814' '2026-05-27 08:06:19.899'
 '2026-05-27 08:09:56.985' '2026-05-27 08:13:34.070'
 '2026-05-27 08:17:11.156' '2026-05-27 08:20:48.241'
 '2026-05-27 08:24:25.327' '2026-05-27 08:28:02.412'
 '2026-05-27 08:31:39.497' '2026-05-27 08:35:16.583'
 '2026-05-27 08:38:53.668' '2026-05-27 08:42:30.754'
 '2026-05-27 08:46:07.839' '2026-05-27 08:49:44.925'
 '2026-05-27 08:53:22.010' '2026-05-27 08:56:59.095'
 '2026-05-27 09:00:36.181' '2026-05-27 09:04:13.266'
 '2026-05-27 09:07:50.352' '2026-05-27 09:11:27.437'
 '2026-05-27 09:15:04.523' '2026-05-27 09:18:41.608'
 '2026-05-27 09:22:18.693' '2026-05-27 09:25:55.779'
 '2026-05-27 09:29:32.864' '2026-05-27 09:33:09.950'
 '2026-05-27 09:36:47.035' '2026-05-27 09:40:24.121'
 '2026-05-27 09:44:01.206' '2026-05-27 09:47:38.291'
 '2026-05-27 09:51:15.377' '2026-05-27 09:54:52.462'
 '2026-05-27 09:58:29.548' '2026-05-27 10:02:06.633'
 '2026-05-27 10:05:43.719' '2026-05-27 10:09:20.804'
 '2026-05-27 10:12:57.889' '2026-05-27 10:16:34.975'
 '2026-05-27 10:20:12.060' '2026-05-27 10:23:49.146'
 '2026-05-27 10:27:26.231' '2026-05-27 10:31:03.317'
 '2026-05-27 10:34:40.402' '2026-05-27 10:38:17.487'
 '2026-05-27 10:41:54.573' '2026-05-27 10:45:31.658'
 '2026-05-27 10:49:08.744' '2026-05-27 10:52:45.829'
 '2026-05-27 10:56:22.915' '2026-05-27 11:00:00.000'], obsgeoloc=(0., 0., 0.) m, obsgeovel=(0., 0., 0.) m / s)>. Angular separation can depend on the direction of the transformation. [astropy.coordinates.baseframe]
WARNING: NonRotationTransformationWarning: transforming other coordinates from <GCRS Frame (obstime=['2026-05-26 23:00:00.000' '2026-05-26 23:03:37.085'
 '2026-05-26 23:07:14.171' '2026-05-26 23:10:51.256'
 '2026-05-26 23:14:28.342' '2026-05-26 23:18:05.427'
 '2026-05-26 23:21:42.513' '2026-05-26 23:25:19.598'
 '2026-05-26 23:28:56.683' '2026-05-26 23:32:33.769'
 '2026-05-26 23:36:10.854' '2026-05-26 23:39:47.940'
 '2026-05-26 23:43:25.025' '2026-05-26 23:47:02.111'
 '2026-05-26 23:50:39.196' '2026-05-26 23:54:16.281'
 '2026-05-26 23:57:53.367' '2026-05-27 00:01:30.452'
 '2026-05-27 00:05:07.538' '2026-05-27 00:08:44.623'
 '2026-05-27 00:12:21.709' '2026-05-27 00:15:58.794'
 '2026-05-27 00:19:35.879' '2026-05-27 00:23:12.965'
 '2026-05-27 00:26:50.050' '2026-05-27 00:30:27.136'
 '2026-05-27 00:34:04.221' '2026-05-27 00:37:41.307'
 '2026-05-27 00:41:18.392' '2026-05-27 00:44:55.477'
 '2026-05-27 00:48:32.563' '2026-05-27 00:52:09.648'
 '2026-05-27 00:55:46.734' '2026-05-27 00:59:23.819'
 '2026-05-27 01:03:00.905' '2026-05-27 01:06:37.990'
 '2026-05-27 01:10:15.075' '2026-05-27 01:13:52.161'
 '2026-05-27 01:17:29.246' '2026-05-27 01:21:06.332'
 '2026-05-27 01:24:43.417' '2026-05-27 01:28:20.503'
 '2026-05-27 01:31:57.588' '2026-05-27 01:35:34.673'
 '2026-05-27 01:39:11.759' '2026-05-27 01:42:48.844'
 '2026-05-27 01:46:25.930' '2026-05-27 01:50:03.015'
 '2026-05-27 01:53:40.101' '2026-05-27 01:57:17.186'
 '2026-05-27 02:00:54.271' '2026-05-27 02:04:31.357'
 '2026-05-27 02:08:08.442' '2026-05-27 02:11:45.528'
 '2026-05-27 02:15:22.613' '2026-05-27 02:18:59.698'
 '2026-05-27 02:22:36.784' '2026-05-27 02:26:13.869'
 '2026-05-27 02:29:50.955' '2026-05-27 02:33:28.040'
 '2026-05-27 02:37:05.126' '2026-05-27 02:40:42.211'
 '2026-05-27 02:44:19.296' '2026-05-27 02:47:56.382'
 '2026-05-27 02:51:33.467' '2026-05-27 02:55:10.553'
 '2026-05-27 02:58:47.638' '2026-05-27 03:02:24.724'
 '2026-05-27 03:06:01.809' '2026-05-27 03:09:38.894'
 '2026-05-27 03:13:15.980' '2026-05-27 03:16:53.065'
 '2026-05-27 03:20:30.151' '2026-05-27 03:24:07.236'
 '2026-05-27 03:27:44.322' '2026-05-27 03:31:21.407'
 '2026-05-27 03:34:58.492' '2026-05-27 03:38:35.578'
 '2026-05-27 03:42:12.663' '2026-05-27 03:45:49.749'
 '2026-05-27 03:49:26.834' '2026-05-27 03:53:03.920'
 '2026-05-27 03:56:41.005' '2026-05-27 04:00:18.090'
 '2026-05-27 04:03:55.176' '2026-05-27 04:07:32.261'
 '2026-05-27 04:11:09.347' '2026-05-27 04:14:46.432'
 '2026-05-27 04:18:23.518' '2026-05-27 04:22:00.603'
 '2026-05-27 04:25:37.688' '2026-05-27 04:29:14.774'
 '2026-05-27 04:32:51.859' '2026-05-27 04:36:28.945'
 '2026-05-27 04:40:06.030' '2026-05-27 04:43:43.116'
 '2026-05-27 04:47:20.201' '2026-05-27 04:50:57.286'
 '2026-05-27 04:54:34.372' '2026-05-27 04:58:11.457'
 '2026-05-27 05:01:48.543' '2026-05-27 05:05:25.628'
 '2026-05-27 05:09:02.714' '2026-05-27 05:12:39.799'
 '2026-05-27 05:16:16.884' '2026-05-27 05:19:53.970'
 '2026-05-27 05:23:31.055' '2026-05-27 05:27:08.141'
 '2026-05-27 05:30:45.226' '2026-05-27 05:34:22.312'
 '2026-05-27 05:37:59.397' '2026-05-27 05:41:36.482'
 '2026-05-27 05:45:13.568' '2026-05-27 05:48:50.653'
 '2026-05-27 05:52:27.739' '2026-05-27 05:56:04.824'
 '2026-05-27 05:59:41.910' '2026-05-27 06:03:18.995'
 '2026-05-27 06:06:56.080' '2026-05-27 06:10:33.166'
 '2026-05-27 06:14:10.251' '2026-05-27 06:17:47.337'
 '2026-05-27 06:21:24.422' '2026-05-27 06:25:01.508'
 '2026-05-27 06:28:38.593' '2026-05-27 06:32:15.678'
 '2026-05-27 06:35:52.764' '2026-05-27 06:39:29.849'
 '2026-05-27 06:43:06.935' '2026-05-27 06:46:44.020'
 '2026-05-27 06:50:21.106' '2026-05-27 06:53:58.191'
 '2026-05-27 06:57:35.276' '2026-05-27 07:01:12.362'
 '2026-05-27 07:04:49.447' '2026-05-27 07:08:26.533'
 '2026-05-27 07:12:03.618' '2026-05-27 07:15:40.704'
 '2026-05-27 07:19:17.789' '2026-05-27 07:22:54.874'
 '2026-05-27 07:26:31.960' '2026-05-27 07:30:09.045'
 '2026-05-27 07:33:46.131' '2026-05-27 07:37:23.216'
 '2026-05-27 07:41:00.302' '2026-05-27 07:44:37.387'
 '2026-05-27 07:48:14.472' '2026-05-27 07:51:51.558'
 '2026-05-27 07:55:28.643' '2026-05-27 07:59:05.729'
 '2026-05-27 08:02:42.814' '2026-05-27 08:06:19.899'
 '2026-05-27 08:09:56.985' '2026-05-27 08:13:34.070'
 '2026-05-27 08:17:11.156' '2026-05-27 08:20:48.241'
 '2026-05-27 08:24:25.327' '2026-05-27 08:28:02.412'
 '2026-05-27 08:31:39.497' '2026-05-27 08:35:16.583'
 '2026-05-27 08:38:53.668' '2026-05-27 08:42:30.754'
 '2026-05-27 08:46:07.839' '2026-05-27 08:49:44.925'
 '2026-05-27 08:53:22.010' '2026-05-27 08:56:59.095'
 '2026-05-27 09:00:36.181' '2026-05-27 09:04:13.266'
 '2026-05-27 09:07:50.352' '2026-05-27 09:11:27.437'
 '2026-05-27 09:15:04.523' '2026-05-27 09:18:41.608'
 '2026-05-27 09:22:18.693' '2026-05-27 09:25:55.779'
 '2026-05-27 09:29:32.864' '2026-05-27 09:33:09.950'
 '2026-05-27 09:36:47.035' '2026-05-27 09:40:24.121'
 '2026-05-27 09:44:01.206' '2026-05-27 09:47:38.291'
 '2026-05-27 09:51:15.377' '2026-05-27 09:54:52.462'
 '2026-05-27 09:58:29.548' '2026-05-27 10:02:06.633'
 '2026-05-27 10:05:43.719' '2026-05-27 10:09:20.804'
 '2026-05-27 10:12:57.889' '2026-05-27 10:16:34.975'
 '2026-05-27 10:20:12.060' '2026-05-27 10:23:49.146'
 '2026-05-27 10:27:26.231' '2026-05-27 10:31:03.317'
 '2026-05-27 10:34:40.402' '2026-05-27 10:38:17.487'
 '2026-05-27 10:41:54.573' '2026-05-27 10:45:31.658'
 '2026-05-27 10:49:08.744' '2026-05-27 10:52:45.829'
 '2026-05-27 10:56:22.915' '2026-05-27 11:00:00.000'], obsgeoloc=[(-3202441.45240805,  4232993.7416715 , 3526493.87399085),
 (-3269043.11708054,  4181626.77002251, 3526667.11943811),
 (-3334823.32830869,  4129211.96248732, 3526838.28013793),
 (-3399765.60239683,  4075762.45355829, 3527007.31319773),
 (-3463853.66562688,  4021291.63701014, 3527174.1762581 ),
 (-3527071.45833445,  3965813.1625451 , 3527338.82750338),
 (-3589403.1389345 ,  3909340.93237145, 3527501.22567219),
 (-3650833.08789029,  3851889.09772034, 3527661.33006771),
 (-3711345.91162818,  3793472.05529912, 3527819.10056793),
 (-3770926.4463939 ,  3734104.44368468, 3527974.4976357 ),
 (-3829559.76205355,  3673801.1396542 , 3528127.48232859),
 (-3887231.16583421,  3612577.25445785, 3528278.01630872),
 (-3943926.20600642,  3550448.13003143, 3528426.06185231),
 (-3999630.67550464,  3487429.33515287, 3528571.58185915),
 (-4054330.61548794,  3423536.66154034, 3528714.53986191),
 (-4108012.31883834,  3358786.1198945 , 3528854.90003528),
 (-4160662.33359468,  3293193.93588752, 3528992.62720491),
 (-4212267.46636044,  3226776.54604826, 3529127.68685701),
 (-4262814.78554875,  3159550.59371913, 3529260.0451458 ),
 (-4312291.62458439,  3091532.92494517, 3529389.66890109),
 (-4360685.58519281,  3022740.58409905, 3529516.52563899),
 (-4407984.54045481,  2953190.809677  , 3529640.58356898),
 (-4454176.63784591,  2882901.02997847, 3529761.81160191),
 (-4499250.30220636,  2811888.85873883, 3529880.17935778),
 (-4543194.23864146,  2740172.09071604, 3529995.6571733 ),
 (-4585997.43535229,  2667768.69723096, 3530108.21610944),
 (-4627649.16639519,  2594696.82166373, 3530217.82795856),
 (-4668138.99436878,  2520974.77490878, 3530324.46525156),
 (-4707456.77303076,  2446621.03078381, 3530428.10126473),
 (-4745592.64983895,  2371654.22140327, 3530528.71002645),
 (-4782537.0684213 ,  2296093.13250742, 3530626.26632371),
 (-4818280.77097016,  2219956.69875562, 3530720.74570841),
 (-4852814.80056223,  2143263.9989814 , 3530812.1245035 ),
 (-4886130.50340304,  2066034.25141162, 3530900.37980892),
 (-4918219.53099561,  1988286.8088504 , 3530985.48950733),
 (-4949073.84223209,  1910041.15383028, 3531067.43226964),
 (-4978685.7054094 ,  1831316.89372877, 3531146.18756037),
 (-5007047.70016619,  1752133.75585618, 3531221.73564282),
 (-5034152.71934225,  1672511.5825123 , 3531294.05758395),
 (-5059993.97075999,  1592470.3260128 , 3531363.1352592 ),
 (-5084564.97892599,  1512030.04369079, 3531428.95135698),
 (-5107859.58665374,  1431210.8928705 , 3531491.48938303),
 (-5129871.9566068 ,  1350033.12581542, 3531550.73366455),
 (-5150596.57276135,  1268517.08465393, 3531606.66935413),
 (-5170028.24178852,  1186683.19628161, 3531659.28243346),
 (-5188162.09435576,  1104551.96724245, 3531708.55971687),
 (-5204993.58634693,  1022143.97859071, 3531754.48885459),
 (-5220518.50000118,   939479.88073282, 3531797.0583359 ),
 (-5234732.94496982,   856580.38825269, 3531836.25749197),
 (-5247633.3592911 ,   773466.27472144, 3531872.07649855),
 (-5259216.51028276,   690158.36749214, 3531904.50637843),
 (-5269479.49535239,   606677.54247863, 3531933.53900371),
 (-5278419.74272438,   523044.71892726, 3531959.16709781),
 (-5286035.01208469,   439280.85417258, 3531981.38423728),
 (-5292323.39514208,   355406.93838654, 3532000.18485348),
 (-5297283.31610638,   271443.98931851, 3532015.56423388),
 (-5300913.53208331,   187413.04702834, 3532027.51852333),
 (-5303213.13338598,   103335.16861456, 3532036.04472496),
 (-5304181.54376281,    19231.42293703, 3532041.14070097),
 (-5303818.52054197,   -64877.11466271, 3532042.80517317),
 (-5302124.15469213,  -148969.36764202, 3532041.03772324),
 (-5299098.87079974,  -233024.2635385 , 3532035.83879293),
 (-5294743.42696257,  -317020.73925206, 3532027.20968387),
 (-5289058.91459978,  -400937.74632089, 3532015.15255727),
 (-5282046.7581784 ,  -484754.25619765, 3531999.67043341),
 (-5273708.7148564 ,  -568449.26551816, 3531980.76719083),
 (-5264046.87404235,  -652001.80136476, 3531958.4475654 ),
 (-5253063.65687182,  -735390.92652188, 3531932.7171491 ),
 (-5240761.81560071,  -818595.74472273, 3531903.58238866),
 (-5227144.43291561,  -901595.4058851 , 3531871.05058391),
 (-5212214.92116124,  -984369.11133686, 3531835.12988595),
 (-5195977.0214853 , -1066896.11902781, 3531795.82929514),
 (-5178434.80290121, -1149155.74872657, 3531753.15865883),
 (-5159592.66126816, -1231127.38720401, 3531707.12866886),
 (-5139455.31818991, -1312790.49339715, 3531657.75085893),
 (-5118027.81983133, -1394124.60355786, 3531605.03760169),
 (-5095315.53565402, -1475109.33638019, 3531549.00210562),
 (-5071324.15707077, -1555724.39810773, 3531489.65841177),
 (-5046059.69601935, -1635949.58761901, 3531427.02139018),
 (-5019528.48345604, -1715764.80148965, 3531361.10673621),
 (-4991737.16776905, -1795150.03903015, 3531291.93096656),
 (-4962692.71311284, -1874085.40729712, 3531219.51141517),
 (-4932402.39766244, -1952551.12607959, 3531143.86622884),
 (-4900873.81179009, -2030527.53285446, 3531065.01436273),
 (-4868114.85616317, -2107995.08771376, 3530982.97557557),
 (-4834133.7397641 , -2184934.37826187, 3530897.77042471),
 (-4798938.97783349, -2261326.12447941, 3530809.42026101),
 (-4762539.38973628, -2337151.18355473, 3530717.94722342),
 (-4724944.09675172, -2412390.55468089, 3530623.3742335 ),
 (-4686162.51978761, -2487025.38381709, 3530525.72498966),
 (-4646204.3770199 , -2561036.96841267, 3530425.02396117),
 (-4605079.68145673, -2634406.76209498, 3530321.29638212),
 (-4562798.73842992, -2707116.37931573, 3530214.56824501),
 (-4519372.14301264, -2779147.59995819, 3530104.86629427),
 (-4474810.77736374, -2850482.37390391, 3529992.21801959),
 (-4429125.80800127, -2921102.82555525, 3529876.65164899),
 (-4382328.68300463, -2990991.25831414, 3529758.19614174),
 (-4334431.12914523, -3060130.1590176 , 3529636.88118115),
 (-4285445.14894787, -3128502.20232637, 3529512.73716709),
 (-4235383.01768383, -3196090.25506526, 3529385.79520839),
 (-4184257.280294  , -3262877.38051779, 3529256.08711503),
 (-4132080.74824567, -3328846.84266965, 3529123.64539021),
 (-4078866.49632211, -3393982.11040269, 3528988.50322213),
 (-4024627.85934611, -3458266.86163742, 3528850.69447577),
 (-3969378.42883853, -3521684.98742308, 3528710.2536843 ),
 (-3913132.04961237, -3584220.59597439, 3528567.21604052),
 (-3855902.81630347, -3645858.01665377, 3528421.61738799),
 (-3797705.06983845, -3706581.80389839, 3528273.49421203),
 (-3738553.39384146, -3766376.74109013, 3528122.88363065),
 (-3678462.61097924, -3825227.84436925, 3527969.82338518),
 (-3617447.77924656, -3883120.36638926, 3527814.35183082),
 (-3555524.18819377, -3940039.80001156, 3527656.50792709),
 (-3492707.35509493, -3995971.8819413 , 3527496.33122797),
 (-3429013.02105873, -4050902.59630205, 3527333.86187209),
 (-3364457.14708507, -4104818.17814712, 3527169.14057259),
 (-3299055.9100648 , -4157705.11690941, 3527002.20860695),
 (-3232825.69872614, -4209550.1597868 , 3526833.10780667),
 (-3165783.10952796, -4260340.31506316, 3526661.88054674),
 (-3097944.94250038, -4310062.85536426, 3526488.56973506),
 (-3029328.19703602, -4358705.32084627, 3526313.21880166),
 (-2959950.06762913, -4406255.5223188 , 3526135.87168785),
 (-2889827.93956697, -4452701.54429927, 3525956.57283516),
 (-2818979.38457374, -4498031.74799845, 3525775.36717425),
 (-2747422.15640739, -4542234.77423697, 3525592.30011364),
 (-2675174.18641007, -4585299.54629226, 3525407.41752831),
 (-2602253.57901529, -4627215.27267384, 3525220.76574822),
 (-2528678.60721104, -4667971.44982767, 3525032.3915467 ),
 (-2454467.70796081, -4707557.86476815, 3524842.34212873),
 (-2379639.4775834 , -4745964.59763751, 3524650.6651191 ),
 (-2304212.66709355, -4783182.02419118, 3524457.4085505 ),
 (-2228206.17750175, -4819200.8182103 , 3524262.62085144),
 (-2151639.0550797 , -4854011.95383783, 3524066.35083417),
 (-2074530.48658626, -4887606.70784093, 3523868.6476824 ),
 (-1996899.79445947, -4919976.66179689, 3523669.560939  ),
 (-1918766.43197581, -4951113.70420218, 3523469.14049359),
 (-1840149.97837409, -4981010.03250562, 3523267.43657002),
 (-1761070.13394981, -5009658.15506338, 3523064.49971378),
 (-1681546.71511841, -5037050.89301628, 3522860.38077935),
 (-1601599.6494495 , -5063181.38208878, 3522655.13091748),
 (-1521248.97067326, -5088043.07430905, 3522448.8015623 ),
 (-1440514.81366039, -5111629.73964978, 3522241.44441851),
 (-1359417.40937586, -5133935.46758952, 3522033.11144837),
 (-1277977.07981067, -5154954.66859344, 3521823.8548587 ),
 (-1196214.23288821, -5174682.0755143 , 3521613.72708779),
 (-1114149.35735019, -5193112.74491235, 3521402.78079228),
 (-1031803.01762378, -5210242.05829375, 3521191.06883393),
 ( -949195.84866696, -5226065.7232683 , 3520978.64426639),
 ( -866348.5507984 , -5240579.77462484, 3520765.56032193),
 ( -783281.88451004, -5253780.57532494, 3520551.87039805),
 ( -700016.6652648 , -5265664.81741428, 3520337.62804415),
 ( -616573.75828031, -5276229.52285162, 3520122.88694805),
 ( -532974.07330099, -5285472.04425499, 3519907.70092262),
 ( -449238.55935754, -5293390.06556517, 3519692.12389221),
 ( -365388.19951725, -5299981.60262604, 3519476.20987919),
 ( -281444.00562725, -5305245.00368172, 3519260.01299039),
 ( -197427.0130477 , -5309178.94979058, 3519043.58740357),
 ( -113358.27538134, -5311782.45515568, 3518826.98735378),
 (  -29258.85919759, -5313054.86737184, 3518610.26711986),
 (   54850.16124648, -5312995.8675891 , 3518393.48101074),
 (  138947.7092871 , -5311605.47059259, 3518176.68335193),
 (  223012.71113533, -5308884.02479893, 3517959.9284718 ),
 (  307024.10115791, -5304832.21216878, 3517743.27068806),
 (  390960.82715587, -5299451.04803609, 3517526.76429409),
 (  474801.85564057, -5292741.88085353, 3517310.46354538),
 (  558526.1771035 , -5284706.3918547 , 3517094.42264587),
 (  642112.81128162, -5275346.59463279, 3516878.69573443),
 (  725540.81241474, -5264664.83463597, 3516663.33687125),
 (  808789.27449369, -5252663.78857973, 3516448.40002434),
 (  891837.33649995, -5239346.46377602, 3516233.93905594),
 (  974664.18763262, -5224716.19737976, 3516020.00770907),
 ( 1057249.07252346, -5208776.6555525 , 3515806.65959407),
 ( 1139571.29643776, -5191531.83254385, 3515593.94817513),
 ( 1221610.23046097, -5172986.04969031, 3515381.92675689),
 ( 1303345.31666669, -5153143.95433278, 3515170.64847113),
 ( 1384756.07326896, -5132010.51865179, 3514960.16626342),
 ( 1465822.09975547, -5109591.03842135, 3514750.53287984),
 ( 1546523.08199838, -5085891.13168223, 3514541.80085381),
 ( 1626838.79734564, -5060916.73733393, 3514334.02249285),
 ( 1706749.1196878 , -5034674.11364665, 3514127.24986557),
 ( 1786234.02450225, -5007169.83669282, 3513921.53478852),
 ( 1865273.59387052, -4978410.79869939, 3513716.9288133 ),
 ( 1943848.02146962, -4948404.20632063, 3513513.48321355),
 ( 2021937.61753523, -4917157.57883231, 3513311.24897218),
 ( 2099522.81379574, -4884678.74624739, 3513110.27676853),
 ( 2176584.16837578, -4850975.84735399, 3512910.61696574),
 ( 2253102.370668  , -4816057.3276759 , 3512712.31959805),
 ( 2329058.24617261, -4779931.93735605, 3512515.43435833),
 ( 2404432.76130142, -4742608.72896417, 3512320.01058556),
 ( 2479207.028148  , -4704097.05522809, 3512126.09725255),
 ( 2553362.30922072, -4664406.56669007, 3511933.74295359),
 ( 2626880.02213764, -4623547.20928877, 3511742.9958923 ),
 ( 2699741.74428363, -4581529.22186655, 3511553.90386959),
 ( 2771929.21742702, -4538363.13360368, 3511366.51427159),
 ( 2843424.35229368, -4494059.76138056, 3511180.87405788),
 ( 2914209.23310127, -4448630.20706632, 3510997.02974964),
 ( 2984266.12204809, -4402085.85473729, 3510815.02741805),
 ( 3053577.46375816, -4354438.36782408, 3510634.91267268),
 ( 3122125.88967979, -4305699.68618932, 3510456.73065014),
 ( 3189894.22243914, -4255882.02313481, 3510280.5260027 ),
 ( 3256865.48014355, -4204997.86234182, 3510106.34288714)] m, obsgeovel=[(-308.66580046, -234.18771194,  8.02770335e-01),
 (-304.92007394, -239.04439854,  7.93266587e-01),
 (-301.09793828, -243.84118362,  7.83564047e-01),
 (-297.20035126, -248.57686517,  7.73665147e-01),
 (-293.22828956, -253.25025647,  7.63572368e-01),
 (-289.18274854, -257.86018644,  7.53288239e-01),
 (-285.06474195, -262.40549988,  7.42815337e-01),
 (-280.87530172, -266.8850578 ,  7.32156286e-01),
 (-276.61547766, -271.29773768,  7.21313758e-01),
 (-272.28633724, -275.64243376,  7.10290468e-01),
 (-267.88896529, -279.9180573 ,  6.99089181e-01),
 (-263.42446372, -284.12353689,  6.87712702e-01),
 (-258.89395129, -288.2578187 ,  6.76163883e-01),
 (-254.29856329, -292.31986671,  6.64445617e-01),
 (-249.63945127, -296.30866304,  6.52560841e-01),
 (-244.91778273, -300.22320813,  6.40512533e-01),
 (-240.13474087, -304.06252107,  6.28303712e-01),
 (-235.29152426, -307.82563975,  6.15937438e-01),
 (-230.38934655, -311.51162121,  6.03416810e-01),
 (-225.42943615, -315.11954176,  5.90744964e-01),
 (-220.41303598, -318.64849731,  5.77925078e-01),
 (-215.34140306, -322.09760355,  5.64960362e-01),
 (-210.21580829, -325.46599618,  5.51854066e-01),
 (-205.03753608, -328.75283111,  5.38609475e-01),
 (-199.80788404, -331.95728472,  5.25229907e-01),
 (-194.52816265, -335.078554  ,  5.11718714e-01),
 (-189.19969495, -338.1158568 ,  4.98079284e-01),
 (-183.82381618, -341.06843201,  4.84315033e-01),
 (-178.40187347, -343.93553976,  4.70429412e-01),
 (-172.93522549, -346.71646158,  4.56425898e-01),
 (-167.42524212, -349.41050061,  4.42308003e-01),
 (-161.87330408, -352.01698176,  4.28079263e-01),
 (-156.28080263, -354.53525187,  4.13743244e-01),
 (-150.64913917, -356.96467991,  3.99303539e-01),
 (-144.97972493, -359.30465707,  3.84763766e-01),
 (-139.27398059, -361.55459701,  3.70127569e-01),
 (-133.53333594, -363.7139359 ,  3.55398615e-01),
 (-127.75922951, -365.78213264,  3.40580595e-01),
 (-121.95310822, -367.75866898,  3.25677223e-01),
 (-116.11642702, -369.64304962,  3.10692233e-01),
 (-110.2506485 , -371.43480235,  2.95629381e-01),
 (-104.35724255, -373.13347818,  2.80492441e-01),
 ( -98.43768599, -374.73865145,  2.65285206e-01),
 ( -92.49346217, -376.24991992,  2.50011487e-01),
 ( -86.52606066, -377.66690488,  2.34675111e-01),
 ( -80.53697681, -378.98925126,  2.19279923e-01),
 ( -74.5277114 , -380.2166277 ,  2.03829779e-01),
 ( -68.49977028, -381.34872662,  1.88328552e-01),
 ( -62.45466398, -382.38526435,  1.72780125e-01),
 ( -56.39390732, -383.32598112,  1.57188396e-01),
 ( -50.31901906, -384.17064122,  1.41557271e-01),
 ( -44.23152149, -384.91903299,  1.25890668e-01),
 ( -38.13294005, -385.57096887,  1.10192512e-01),
 ( -32.02480297, -386.12628552,  9.44667371e-02),
 ( -25.90864088, -386.58484377,  7.87172846e-02),
 ( -19.78598642, -386.94652871,  6.29481009e-02),
 ( -13.65837383, -387.21124971,  4.71631377e-02),
 (  -7.52733862, -387.37894044,  3.13663506e-02),
 (  -1.39441716, -387.44955886,  1.55616981e-02),
 (   4.73885372, -387.4230873 , -2.46859124e-04),
 (  10.87093711, -387.29953237, -1.60553596e-02),
 (  17.00029638, -387.07892505, -3.18598418e-02),
 (  23.12539558, -386.76132061, -4.76563451e-02),
 (  29.24469986, -386.34679864, -6.34409111e-02),
 (  35.35667578, -385.83546301, -7.92095843e-02),
 (  41.45979176, -385.22744186, -9.49584131e-02),
 (  47.55251843, -384.52288755, -1.10683451e-01),
 (  53.63332904, -383.72197664, -1.26380757e-01),
 (  59.70069982, -382.82490982, -1.42046398e-01),
 (  65.75311035, -381.83191189, -1.57676448e-01),
 (  71.78904397, -380.74323167, -1.73266990e-01),
 (  77.80698816, -379.55914198, -1.88814117e-01),
 (  83.8054349 , -378.27993954, -2.04313934e-01),
 (  89.78288105, -376.90594489, -2.19762555e-01),
 (  95.73782874, -375.43750235, -2.35156110e-01),
 ( 101.66878573, -373.87497989, -2.50490742e-01),
 ( 107.57426579, -372.21876905, -2.65762606e-01),
 ( 113.4527891 , -370.46928486, -2.80967877e-01),
 ( 119.30288257, -368.62696573, -2.96102744e-01),
 ( 125.12308023, -366.6922733 , -3.11163414e-01),
 ( 130.91192361, -364.6656924 , -3.26146112e-01),
 ( 136.66796212, -362.54773085, -3.41047085e-01),
 ( 142.38975335, -360.3389194 , -3.55862599e-01),
 ( 148.07586349, -358.03981154, -3.70588940e-01),
 ( 153.72486769, -355.6509834 , -3.85222418e-01),
 ( 159.33535036, -353.17303359, -3.99759366e-01),
 ( 164.90590559, -350.60658305, -4.14196141e-01),
 ( 170.43513748, -347.95227491, -4.28529125e-01),
 ( 175.92166046, -345.21077429, -4.42754727e-01),
 ( 181.36409968, -342.38276819, -4.56869382e-01),
 ( 186.76109134, -339.46896527, -4.70869552e-01),
 ( 192.11128301, -336.47009569, -4.84751729e-01),
 ( 197.41333401, -333.38691093, -4.98512434e-01),
 ( 202.66591571, -330.2201836 , -5.12148219e-01),
 ( 207.86771187, -326.97070724, -5.25655667e-01),
 ( 213.017419  , -323.63929612, -5.39031393e-01),
 ( 218.11374663, -320.22678506, -5.52272044e-01),
 ( 223.1554177 , -316.73402919, -5.65374304e-01),
 ( 228.14116883, -313.16190375, -5.78334888e-01),
 ( 233.06975064, -309.51130388, -5.91150548e-01),
 ( 237.9399281 , -305.78314435, -6.03818073e-01),
 ( 242.75048081, -301.97835941, -6.16334289e-01),
 ( 247.50020329, -298.09790249, -6.28696058e-01),
 ( 252.18790533, -294.14274597, -6.40900284e-01),
 ( 256.81241225, -290.11388098, -6.52943907e-01),
 ( 261.3725652 , -286.01231709, -6.64823909e-01),
 ( 265.86722147, -281.83908211, -6.76537314e-01),
 ( 270.29525475, -277.59522179, -6.88081186e-01),
 ( 274.65555544, -273.2817996 , -6.99452633e-01),
 ( 278.9470309 , -268.89989642, -7.10648803e-01),
 ( 283.16860573, -264.4506103 , -7.21666893e-01),
 ( 287.31922207, -259.93505618, -7.32504139e-01),
 ( 291.39783981, -255.3543656 , -7.43157828e-01),
 ( 295.40343692, -250.70968643, -7.53625288e-01),
 ( 299.33500964, -246.00218255, -7.63903898e-01),
 ( 303.19157276, -241.23303362, -7.73991080e-01),
 ( 306.97215989, -236.40343472, -7.83884307e-01),
 ( 310.67582364, -231.51459609, -7.93581100e-01),
 ( 314.30163594, -226.56774281, -8.03079029e-01),
 ( 317.84868819, -221.56411449, -8.12375713e-01),
 ( 321.31609156, -216.504965  , -8.21468823e-01),
 ( 324.70297715, -211.39156207, -8.30356080e-01),
 ( 328.00849625, -206.22518708, -8.39035257e-01),
 ( 331.23182054, -201.00713464, -8.47504178e-01),
 ( 334.37214229, -195.73871235, -8.55760722e-01),
 ( 337.42867459, -190.42124038, -8.63802820e-01),
 ( 340.4006515 , -185.05605125, -8.71628455e-01),
 ( 343.28732828, -179.6444894 , -8.79235667e-01),
 ( 346.08798156, -174.18791089, -8.86622550e-01),
 ( 348.80190955, -168.68768308, -8.93787252e-01),
 ( 351.42843216, -163.14518425, -9.00727977e-01),
 ( 353.96689122, -157.56180329, -9.07442987e-01),
 ( 356.41665061, -151.93893932, -9.13930598e-01),
 ( 358.77709648, -146.27800136, -9.20189185e-01),
 ( 361.04763731, -140.58040797, -9.26217179e-01),
 ( 363.22770413, -134.8475869 , -9.32013069e-01),
 ( 365.31675066, -129.08097471, -9.37575404e-01),
 ( 367.31425339, -123.28201646, -9.42902789e-01),
 ( 369.21971179, -117.45216527, -9.47993888e-01),
 ( 371.03264836, -111.59288206, -9.52847426e-01),
 ( 372.75260881, -105.70563506, -9.57462188e-01),
 ( 374.37916214,  -99.79189956, -9.61837015e-01),
 ( 375.91190076,  -93.85315747, -9.65970812e-01),
 ( 377.35044057,  -87.89089695, -9.69862543e-01),
 ( 378.6944211 ,  -81.90661208, -9.73511232e-01),
 ( 379.94350557,  -75.90180243, -9.76915965e-01),
 ( 381.09738096,  -69.87797275, -9.80075889e-01),
 ( 382.15575814,  -63.83663253, -9.82990212e-01),
 ( 383.11837189,  -57.77929565, -9.85658203e-01),
 ( 383.98498098,  -51.70748001, -9.88079193e-01),
 ( 384.75536826,  -45.62270711, -9.90252577e-01),
 ( 385.42934067,  -39.52650174, -9.92177809e-01),
 ( 386.00672934,  -33.42039153, -9.93854406e-01),
 ( 386.48738956,  -27.30590659, -9.95281949e-01),
 ( 386.8712009 ,  -21.18457912, -9.96460079e-01),
 ( 387.15806717,  -15.05794307, -9.97388501e-01),
 ( 387.3479165 ,   -8.92753369, -9.98066983e-01),
 ( 387.4407013 ,   -2.79488718, -9.98495354e-01),
 ( 387.43639833,    3.33845969, -9.98673507e-01),
 ( 387.33500867,    9.47096999, -9.98601398e-01),
 ( 387.13655771,   15.60110699, -9.98279043e-01),
 ( 386.8410952 ,   21.72733454, -9.97706524e-01),
 ( 386.44869516,   27.84811749, -9.96883985e-01),
 ( 385.95945594,   33.96192205, -9.95811631e-01),
 ( 385.37350013,   40.06721619, -9.94489730e-01),
 ( 384.69097455,   46.16246998, -9.92918615e-01),
 ( 383.91205025,   52.24615604, -9.91098678e-01),
 ( 383.03692241,   58.31674987, -9.89030376e-01),
 ( 382.06581033,   64.37273025, -9.86714227e-01),
 ( 380.99895735,   70.41257963, -9.84150811e-01),
 ( 379.83663082,   76.43478451, -9.81340771e-01),
 ( 378.57912201,   82.43783579, -9.78284810e-01),
 ( 377.22674601,   88.42022918, -9.74983694e-01),
 ( 375.77984174,   94.38046558, -9.71438251e-01),
 ( 374.23877175,  100.31705141, -9.67649369e-01),
 ( 372.60392223,  106.22849906, -9.63617997e-01),
 ( 370.87570285,  112.11332717, -9.59345145e-01),
 ( 369.05454667,  117.97006109, -9.54831884e-01),
 ( 367.14091006,  123.7972332 , -9.50079345e-01),
 ( 365.13527255,  129.59338327, -9.45088719e-01),
 ( 363.03813672,  135.35705888, -9.39861256e-01),
 ( 360.8500281 ,  141.0868157 , -9.34398267e-01),
 ( 358.57149499,  146.78121794, -9.28701119e-01),
 ( 356.20310837,  152.43883864, -9.22771242e-01),
 ( 353.74546172,  158.05826009, -9.16610120e-01),
 ( 351.1991709 ,  163.63807413, -9.10219297e-01),
 ( 348.56487398,  169.17688252, -9.03600375e-01),
 ( 345.84323108,  174.6732973 , -8.96755013e-01),
 ( 343.03492422,  180.12594116, -8.89684926e-01),
 ( 340.1406571 ,  185.53344771, -8.82391885e-01),
 ( 337.16115501,  190.89446191, -8.74877718e-01),
 ( 334.09716457,  196.20764036, -8.67144308e-01),
 ( 330.94945358,  201.47165164, -8.59193593e-01),
 ( 327.71881081,  206.68517665, -8.51027565e-01),
 ( 324.40604582,  211.84690895, -8.42648270e-01),
 ( 321.01198875,  216.95555508, -8.34057809e-01),
 ( 317.53749011,  222.00983487, -8.25258333e-01),
 ( 313.98342056,  227.00848178, -8.16252048e-01),
 ( 310.35067071,  231.95024322, -8.07041211e-01),
 ( 306.64015088,  236.83388084, -7.97628130e-01)] m / s)> to <ICRS Frame>. Angular separation can depend on the direction of the transformation. [astropy.coordinates.baseframe]
